// Jest Snapshot v1, https://goo.gl/fbAQLP

exports[`Shallow Info Should render correctly 1`] = `
<div>
  <User />
  <Title />
  <Progress
    question={
      Object {
        "current": 1,
        "total": 10,
      }
    }
  />
</div>
`;
