// Jest Snapshot v1, https://goo.gl/fbAQLP

exports[`Shallow NavBar Should render correctly 1`] = `
<div>
  <Link
    to="/"
  >
    HOME
  </Link>
</div>
`;
