// Jest Snapshot v1, https://goo.gl/fbAQLP

exports[`NotFound Should render correctly 1`] = `
<div>
  <h2>
    Page not found: please use the link above to return home
  </h2>
</div>
`;
