// Jest Snapshot v1, https://goo.gl/fbAQLP

exports[`Shallow QuizSetup Should render correctly 1`] = `
<div>
  <select
    className="difficultyDropDown"
    onChange={[Function]}
  >
    <option
      value="easy"
    >
      Easy
    </option>
    <option
      value="medium"
    >
      Medium
    </option>
    <option
      value="hard"
    >
      Hard
    </option>
  </select>
  <select
    className="categoryDropDown"
    onChange={[MockFunction]}
  >
    <option
      value="9"
    >
      General Knowledge
    </option>
    <option
      value="21"
    >
      Sports
    </option>
    <option
      value="17"
    >
      Science & Nature
    </option>
    <option
      value="23"
    >
      History
    </option>
    <option
      value="28"
    >
      Vehicles
    </option>
  </select>
  <select
    className="numberOfQuestionsDropdown"
    onChange={[MockFunction]}
  >
    <option
      value="5"
    >
      5
    </option>
    <option
      value="10"
    >
      10
    </option>
    <option
      value="15"
    >
      15
    </option>
  </select>
  <button
    onClick={
      Array [
        [Function],
      ]
    }
  >
    This is a button
  </button>
</div>
`;
