// Jest Snapshot v1, https://goo.gl/fbAQLP

exports[`Shallow Submit Should render correctly 1`] = `<div />`;
