// Jest Snapshot v1, https://goo.gl/fbAQLP

exports[`Shallow User Should render correctly 1`] = `
<div>
  <p
    id="currentUser"
  >
    Player 
    1
  </p>
</div>
`;
